// Jest Snapshot v1, https://goo.gl/fbAQLP

exports[`Pruebas en <GifItem.jsx> debe de hacer match con el snapshot  1`] = `
<div>
  <div
    class="card"
  >
    <img
      alt="Saitama"
      src="https://localhost/saitama.jpg"
    />
    <p>
      Saitama
    </p>
  </div>
</div>
`;
